{ "access": { "metadata": { "is_admin": 0, "roles": [] }, "serviceCatalog": [], "token": { "audit_ids": [ "-UW6UDchT1Ge56mlxQyBLA" ], "expires": "2016-03-02T21:45:02Z", "id": "8e75f58e07964855913896ee964c3497", "issued_at": "2016-03-02T17:45:02.703192" }, "user": { "id": "75ea29a776974474853dae357543bf3b", "name": "willis8", "roles": [], "roles_links": [], "username": "willis8" } } }
